<html>
<body>
<pre>
<h1>礦ision Build Log</h1>
<h2>Tool Versions:</h2>
IDE-Version: μVision V5.25.3.0
Copyright (C) 2018 ARM Ltd and ARM Germany GmbH. All rights reserved.
License Information: , ,, ,, LIC=14HV2-9SABW-2ZWW4-F6C0P-9GM9R-D57XP
 
Tool Versions:
Toolchain:       MDK-ARM Plus  Version: 5.34.0.0
Toolchain Path:  E:\Keil_v5_mdk\ARM\ARMCC\Bin
C Compiler:      Armcc.exe V5.06 update 7 (build 960)
Assembler:       Armasm.exe V5.06 update 7 (build 960)
Linker/Locator:  ArmLink.exe V5.06 update 7 (build 960)
Library Manager: ArmAr.exe V5.06 update 7 (build 960)
Hex Converter:   FromElf.exe V5.06 update 7 (build 960)
CPU DLL:         SARMCM3.DLL V5.34.0.0
Dialog DLL:      DCM.DLL V1.17.3.0
Target DLL:      STLink\ST-LINKIII-KEIL_SWO.dll V3.0.8.0
Dialog DLL:      TCM.DLL V1.48.0.0
 
<h2>Project:</h2>
D:\备份\重要文件大四\STM32F4_FreeRTOS_LVGL_NEW\Project\STM32F4_FreeRTOS.uvprojx
Project File Date:  04/17/2024

<h2>Output:</h2>
*** Using Compiler 'V5.06 update 7 (build 960)', folder: 'E:\Keil_v5_mdk\ARM\ARMCC\Bin'
Rebuild target 'Target 1'
compiling ff.c...
compiling toc_sensor.c...
..\USER\toc_sensor.c(82): warning:  #1035-D: single-precision operand implicitly converted to double-precision
  	rawEC = 1000*EC_voltage/RES2/ECREF;
..\USER\toc_sensor.c(86): warning:  #1035-D: single-precision operand implicitly converted to double-precision
  	if(EC_valueTemp>2.0)
..\USER\toc_sensor.c(90): warning:  #1035-D: single-precision operand implicitly converted to double-precision
  	else if(EC_valueTemp<=2.0)
..\USER\toc_sensor.c(96): warning:  #1035-D: single-precision operand implicitly converted to double-precision
  	compensationCoefficient=1.0+0.0185*(temp_value-25.0); 
..\USER\toc_sensor.c(117): warning:  #1035-D: single-precision operand implicitly converted to double-precision
  	toc_value = 119.13*(EC_Stop_value - EC_Start_value) + 59.164;
..\USER\toc_sensor.c: 5 warnings, 0 errors
compiling svo.c...
compiling light.c...
compiling ds18b20.c...
..\USER\ds18b20.c(245): warning:  #1035-D: single-precision operand implicitly converted to double-precision
  	temp_value = f_tem/10.0;	
..\USER\ds18b20.c: 1 warning, 0 errors
compiling svt.c...
compiling diskio.c...
compiling time.c...
compiling motor.c...
compiling uart.c...
compiling led.c...
compiling SDcard.c...
compiling misc.c...
compiling console_logic.c...
compiling stm32f4xx_it.c...
compiling main.c...
..\USER\main.c(239): warning:  #177-D: variable "clear_delay"  was declared but never referenced
  	uint16_t clear_delay = 0;
..\USER\main.c: 1 warning, 0 errors
compiling stm32f4xx_gpio.c...
compiling stm32f4xx_exti.c...
compiling stm32f4xx_syscfg.c...
compiling stm32f4xx_fsmc.c...
compiling stm32f4xx_rcc.c...
compiling stm32f4xx_adc.c...
assembling startup_stm32f40_41xxx.s...
compiling stm32f4xx_pwr.c...
compiling stm32f4xx_dma.c...
compiling stm32f4xx_tim.c...
compiling stm32f4xx_flash.c...
compiling croutine.c...
compiling stm32f4xx_sdio.c...
compiling stm32f4xx_rtc.c...
compiling stm32f4xx_usart.c...
compiling system_stm32f4xx.c...
compiling list.c...
compiling event_groups.c...
compiling queue.c...
compiling stream_buffer.c...
compiling timers.c...
compiling heap_4.c...
compiling tasks.c...
compiling lv_disp.c...
compiling lv_event.c...
compiling lv_obj_class.c...
compiling lv_group.c...
compiling lv_indev_scroll.c...
compiling lv_indev.c...
compiling lv_obj_draw.c...
compiling lv_obj.c...
compiling Driver.c...
compiling lv_obj_style.c...
compiling lv_obj_tree.c...
compiling lv_obj_style_gen.c...
compiling lv_obj_scroll.c...
compiling port.c...
compiling lv_obj_pos.c...
compiling lv_gpu_arm2d.c...
compiling lv_draw_pxp.c...
compiling lv_draw_pxp_blend.c...
compiling lv_gpu_nxp_pxp.c...
compiling lv_theme.c...
compiling lv_gpu_nxp_pxp_osa.c...
compiling lv_refr.c...
compiling lv_draw_vglite.c...
compiling lv_draw_vglite_arc.c...
compiling lv_draw_vglite_blend.c...
compiling lv_draw_vglite_line.c...
compiling lv_draw_vglite_rect.c...
compiling lv_vglite_utils.c...
compiling lv_vglite_buf.c...
compiling lv_draw_sdl.c...
compiling lv_draw_sdl_arc.c...
compiling lv_draw_sdl_bg.c...
compiling ili9341.c...
compiling lv_draw_sdl_composite.c...
compiling lv_gpu_d2_draw_label.c...
compiling lv_gpu_d2_ra6m3.c...
compiling lv_draw_sdl_img.c...
compiling lv_draw_sdl_label.c...
compiling lv_draw_sdl_layer.c...
compiling lv_draw_sdl_line.c...
compiling lv_draw_sdl_mask.c...
compiling lv_draw_sdl_polygon.c...
compiling lv_draw_sdl_rect.c...
compiling lv_draw_sdl_stack_blur.c...
compiling lv_draw_sdl_texture_cache.c...
compiling lv_draw_sdl_utils.c...
compiling lv_draw_sw.c...
compiling lv_gpu_stm32_dma2d.c...
compiling lv_draw_sw_dither.c...
compiling lv_draw_sw_gradient.c...
compiling lv_draw_sw_layer.c...
compiling lv_draw_sw_polygon.c...
compiling lv_draw_sw_letter.c...
compiling lv_draw_sw_arc.c...
compiling lv_draw_sw_img.c...
compiling lv_draw_sw_line.c...
compiling lv_draw.c...
compiling lv_gpu_swm341_dma2d.c...
compiling lv_draw_sw_blend.c...
compiling lv_draw_sw_transform.c...
compiling lv_draw_arc.c...
compiling lv_draw_img.c...
compiling lv_draw_sw_rect.c...
compiling lv_draw_layer.c...
compiling lv_draw_label.c...
compiling lv_draw_line.c...
compiling lv_draw_transform.c...
compiling lv_draw_rect.c...
compiling lv_draw_triangle.c...
compiling lv_font.c...
compiling lv_img_cache.c...
compiling lv_img_buf.c...
compiling lv_font_fmt_txt.c...
compiling lv_img_decoder.c...
compiling lv_draw_mask.c...
compiling lv_font_dejavu_16_persian_hebrew.c...
compiling lv_font_loader.c...
compiling lv_font_montserrat_8.c...
compiling lv_font_montserrat_10.c...
compiling lv_font_montserrat_12_subpx.c...
compiling lv_font_montserrat_12.c...
compiling lv_font_montserrat_14.c...
compiling lv_font_montserrat_20.c...
compiling lv_font_montserrat_18.c...
compiling lv_font_montserrat_16.c...
compiling lv_font_montserrat_22.c...
compiling lv_font_montserrat_24.c...
compiling lv_font_montserrat_28.c...
compiling lv_font_montserrat_26.c...
compiling lv_font_montserrat_28_compressed.c...
compiling lv_font_montserrat_30.c...
compiling lv_font_montserrat_32.c...
compiling lv_font_montserrat_34.c...
compiling lv_font_montserrat_36.c...
compiling lv_font_montserrat_40.c...
compiling lv_font_montserrat_38.c...
compiling lv_font_montserrat_42.c...
compiling lv_hal_tick.c...
compiling lv_font_montserrat_44.c...
compiling lv_font_montserrat_46.c...
compiling lv_hal_indev.c...
compiling lv_font_montserrat_48.c...
compiling lv_font_unscii_8.c...
compiling lv_hal_disp.c...
compiling lv_font_unscii_16.c...
compiling lv_font_simsun_16_cjk.c...
compiling lv_anim_timeline.c...
compiling lv_anim.c...
compiling lv_area.c...
compiling lv_async.c...
compiling lv_bidi.c...
compiling lv_log.c...
compiling lv_color.c...
compiling lv_gc.c...
compiling lv_ll.c...
compiling lv_fs.c...
compiling lv_lru.c...
compiling lv_math.c...
compiling lv_templ.c...
compiling lv_mem.c...
compiling lv_printf.c...
compiling lv_utils.c...
compiling lv_timer.c...
compiling lv_style.c...
compiling lv_style_gen.c...
compiling lv_txt_ap.c...
compiling lv_tlsf.c...
compiling lv_txt.c...
compiling lv_btn.c...
compiling lv_arc.c...
compiling lv_bar.c...
compiling lv_checkbox.c...
compiling lv_objx_templ.c...
compiling lv_canvas.c...
compiling lv_btnmatrix.c...
compiling lv_dropdown.c...
compiling lv_line.c...
compiling lv_switch.c...
compiling lv_img.c...
compiling lv_roller.c...
compiling lv_slider.c...
compiling lv_label.c...
compiling lv_table.c...
compiling lv_flex.c...
compiling lv_grid.c...
compiling lv_textarea.c...
compiling lv_theme_basic.c...
compiling lv_calendar_header_arrow.c...
compiling lv_calendar_header_dropdown.c...
compiling lv_animimg.c...
compiling lv_theme_mono.c...
compiling lv_calendar.c...
compiling lv_keyboard.c...
compiling lv_theme_default.c...
compiling lv_imgbtn.c...
compiling lv_colorwheel.c...
compiling lv_list.c...
compiling lv_led.c...
compiling lv_menu.c...
compiling lv_tileview.c...
compiling lv_msgbox.c...
compiling lv_meter.c...
compiling lv_chart.c...
compiling lv_spinner.c...
compiling lv_spinbox.c...
compiling lv_tabview.c...
compiling lv_win.c...
compiling lv_span.c...
compiling lv_extra.c...
compiling lv_port_disp_template.c...
compiling gui_guider.c...
compiling custom.c...
compiling widgets_init.c...
compiling lv_font_simfang_24.c...
compiling setup_scr_screen.c...
compiling lv_port_indev_template.c...
..\GUI\lvgl\examples\porting\lv_port_indev_template.c(248): warning:  #177-D: function "mouse_init"  was declared but never referenced
  static void mouse_init(void)
..\GUI\lvgl\examples\porting\lv_port_indev_template.c(254): warning:  #177-D: function "mouse_read"  was declared but never referenced
  static void mouse_read(lv_indev_drv_t * indev_drv, lv_indev_data_t * data)
..\GUI\lvgl\examples\porting\lv_port_indev_template.c(290): warning:  #177-D: function "keypad_init"  was declared but never referenced
  static void keypad_init(void)
..\GUI\lvgl\examples\porting\lv_port_indev_template.c(296): warning:  #177-D: function "keypad_read"  was declared but never referenced
  static void keypad_read(lv_indev_drv_t * indev_drv, lv_indev_data_t * data)
..\GUI\lvgl\examples\porting\lv_port_indev_template.c(349): warning:  #177-D: function "encoder_init"  was declared but never referenced
  static void encoder_init(void)
..\GUI\lvgl\examples\porting\lv_port_indev_template.c(355): warning:  #177-D: function "encoder_read"  was declared but never referenced
  static void encoder_read(lv_indev_drv_t * indev_drv, lv_indev_data_t * data)
..\GUI\lvgl\examples\porting\lv_port_indev_template.c(363): warning:  #177-D: function "encoder_handler"  was declared but never referenced
  static void encoder_handler(void)
..\GUI\lvgl\examples\porting\lv_port_indev_template.c(376): warning:  #177-D: function "button_init"  was declared but never referenced
  static void button_init(void)
..\GUI\lvgl\examples\porting\lv_port_indev_template.c(382): warning:  #177-D: function "button_read"  was declared but never referenced
  static void button_read(lv_indev_drv_t * indev_drv, lv_indev_data_t * data)
..\GUI\lvgl\examples\porting\lv_port_indev_template.c: 9 warnings, 0 errors
compiling events_init.c...
linking...
Program Size: Code=172156 RO-data=50744 RW-data=844 ZI-data=118364  
FromELF: creating hex file...
".\Objects\STM32F4_DEMO.axf" - 0 Error(s), 16 Warning(s).

<h2>Software Packages used:</h2>

Package Vendor: Keil
                http://www.keil.com/pack/Keil.STM32F4xx_DFP.2.15.0.pack
                Keil.STM32F4xx_DFP.2.15.0
                STMicroelectronics STM32F4 Series Device Support, Drivers and Examples

<h2>Collection of Component include folders:</h2>
  .\RTE\_Target_1
  E:\keil MDK5.34\Keil\STM32F4xx_DFP\2.15.0\Drivers\CMSIS\Device\ST\STM32F4xx\Include

<h2>Collection of Component Files used:</h2>
Build Time Elapsed:  00:00:15
</pre>
</body>
</html>
